[INFO] Scanning for projects...
[INFO] 
[INFO] -------------------------< tn.esprit.pi:tbibi >-------------------------
[INFO] Building Tbibi 0.0.1-SNAPSHOT
[INFO]   from pom.xml
[INFO] --------------------------------[ jar ]---------------------------------
[INFO] 
[INFO] --- clean:3.3.2:clean (default-clean) @ tbibi ---
[INFO] Deleting C:\Users\21656\OneDrive\Bureau\New folder (2)\Tbibi\backend\target
[INFO] 
[INFO] --- resources:3.3.1:resources (default-resources) @ tbibi ---
[INFO] Copying 1 resource from src\main\resources to target\classes
[INFO] Copying 2 resources from src\main\resources to target\classes
[INFO] 
[INFO] --- compiler:3.11.0:compile (default-compile) @ tbibi ---
[INFO] Changes detected - recompiling the module! :source
[INFO] Compiling 131 source files with javac [debug release 17] to target\classes
[INFO] -------------------------------------------------------------
[WARNING] COMPILATION WARNING : 
[INFO] -------------------------------------------------------------
[WARNING] /C:/Users/21656/OneDrive/Bureau/New folder (2)/Tbibi/backend/src/main/java/tn/esprit/pi/tbibi/entities/Appointment.java:[39,32] @Builder will ignore the initializing expression entirely. If you want the initializing expression to serve as default, add @Builder.Default. If it is not supposed to be settable during building, make the field final.
[WARNING] /C:/Users/21656/OneDrive/Bureau/New folder (2)/Tbibi/backend/src/main/java/tn/esprit/pi/tbibi/entities/Prescription.java:[37,32] @Builder will ignore the initializing expression entirely. If you want the initializing expression to serve as default, add @Builder.Default. If it is not supposed to be settable during building, make the field final.
[WARNING] /C:/Users/21656/OneDrive/Bureau/New folder (2)/Tbibi/backend/src/main/java/tn/esprit/pi/tbibi/entities/Prescription.java:[14,35] This field does not exist, or would have been excluded anyway.
[WARNING] /C:/Users/21656/OneDrive/Bureau/New folder (2)/Tbibi/backend/src/main/java/tn/esprit/pi/tbibi/services/MedRec_Mapper.java:[14,21] Unmapped target properties: "medicalfile_id, patientImages".
[INFO] 4 warnings 
[INFO] -------------------------------------------------------------
[INFO] -------------------------------------------------------------
[ERROR] COMPILATION ERROR : 
[INFO] -------------------------------------------------------------
[ERROR] /C:/Users/21656/OneDrive/Bureau/New folder (2)/Tbibi/backend/src/main/java/tn/esprit/pi/tbibi/services/MedRec_Mapper.java:[10,8] Internal error in the mapping processor: java.lang.RuntimeException: javax.annotation.processing.FilerException: Attempt to recreate a file for type tn.esprit.pi.tbibi.services.MedRec_MapperImpl  	at org.mapstruct.ap.internal.processor.MapperRenderingProcessor.createSourceFile(MapperRenderingProcessor.java:59)  	at org.mapstruct.ap.internal.processor.MapperRenderingProcessor.writeToSourceFile(MapperRenderingProcessor.java:39)  	at org.mapstruct.ap.internal.processor.MapperRenderingProcessor.process(MapperRenderingProcessor.java:29)  	at org.mapstruct.ap.internal.processor.MapperRenderingProcessor.process(MapperRenderingProcessor.java:24)  	at org.mapstruct.ap.MappingProcessor.process(MappingProcessor.java:350)  	at org.mapstruct.ap.MappingProcessor.processMapperTypeElement(MappingProcessor.java:330)  	at org.mapstruct.ap.MappingProcessor.processMapperElements(MappingProcessor.java:279)  	at org.mapstruct.ap.MappingProcessor.process(MappingProcessor.java:174)  	at jdk.compiler/com.sun.tools.javac.processing.JavacProcessingEnvironment.callProcessor(JavacProcessingEnvironment.java:1023)  	at jdk.compiler/com.sun.tools.javac.processing.JavacProcessingEnvironment.discoverAndRunProcs(JavacProcessingEnvironment.java:939)  	at jdk.compiler/com.sun.tools.javac.processing.JavacProcessingEnvironment$Round.run(JavacProcessingEnvironment.java:1267)  	at jdk.compiler/com.sun.tools.javac.processing.JavacProcessingEnvironment.doProcessing(JavacProcessingEnvironment.java:1382)  	at jdk.compiler/com.sun.tools.javac.main.JavaCompiler.processAnnotations(JavaCompiler.java:1234)  	at jdk.compiler/com.sun.tools.javac.main.JavaCompiler.compile(JavaCompiler.java:916)  	at jdk.compiler/com.sun.tools.javac.api.JavacTaskImpl.lambda$doCall$0(JavacTaskImpl.java:104)  	at jdk.compiler/com.sun.tools.javac.api.JavacTaskImpl.invocationHelper(JavacTaskImpl.java:152)  	at jdk.compiler/com.sun.tools.javac.api.JavacTaskImpl.doCall(JavacTaskImpl.java:100)  	at jdk.compiler/com.sun.tools.javac.api.JavacTaskImpl.call(JavacTaskImpl.java:94)  	at org.codehaus.plexus.compiler.javac.JavaxToolsCompiler.compileInProcess(JavaxToolsCompiler.java:136)  	at org.codehaus.plexus.compiler.javac.JavacCompiler.performCompile(JavacCompiler.java:183)  	at org.apache.maven.plugin.compiler.AbstractCompilerMojo.execute(AbstractCompilerMojo.java:1140)  	at org.apache.maven.plugin.compiler.CompilerMojo.execute(CompilerMojo.java:193)  	at org.apache.maven.plugin.DefaultBuildPluginManager.executeMojo(DefaultBuildPluginManager.java:126)  	at org.apache.maven.lifecycle.internal.MojoExecutor.doExecute2(MojoExecutor.java:328)  	at org.apache.maven.lifecycle.internal.MojoExecutor.doExecute(MojoExecutor.java:316)  	at org.apache.maven.lifecycle.internal.MojoExecutor.execute(MojoExecutor.java:212)  	at org.apache.maven.lifecycle.internal.MojoExecutor.execute(MojoExecutor.java:174)  	at org.apache.maven.lifecycle.internal.MojoExecutor.access$000(MojoExecutor.java:75)  	at org.apache.maven.lifecycle.internal.MojoExecutor$1.run(MojoExecutor.java:162)  	at org.apache.maven.plugin.DefaultMojosExecutionStrategy.execute(DefaultMojosExecutionStrategy.java:39)  	at org.apache.maven.lifecycle.internal.MojoExecutor.execute(MojoExecutor.java:159)  	at org.apache.maven.lifecycle.internal.LifecycleModuleBuilder.buildProject(LifecycleModuleBuilder.java:105)  	at org.apache.maven.lifecycle.internal.LifecycleModuleBuilder.buildProject(LifecycleModuleBuilder.java:73)  	at org.apache.maven.lifecycle.internal.builder.singlethreaded.SingleThreadedBuilder.build(SingleThreadedBuilder.java:53)  	at org.apache.maven.lifecycle.internal.LifecycleStarter.execute(LifecycleStarter.java:118)  	at org.apache.maven.DefaultMaven.doExecute(DefaultMaven.java:261)  	at org.apache.maven.DefaultMaven.doExecute(DefaultMaven.java:173)  	at org.apache.maven.DefaultMaven.execute(DefaultMaven.java:101)  	at org.apache.maven.cli.MavenCli.execute(MavenCli.java:903)  	at org.apache.maven.cli.MavenCli.doMain(MavenCli.java:280)  	at org.apache.maven.cli.MavenCli.main(MavenCli.java:203)  	at java.base/jdk.internal.reflect.NativeMethodAccessorImpl.invoke0(Native Method)  	at java.base/jdk.internal.reflect.NativeMethodAccessorImpl.invoke(NativeMethodAccessorImpl.java:77)  	at java.base/jdk.internal.reflect.DelegatingMethodAccessorImpl.invoke(DelegatingMethodAccessorImpl.java:43)  	at java.base/java.lang.reflect.Method.invoke(Method.java:568)  	at org.codehaus.plexus.classworlds.launcher.Launcher.launchEnhanced(Launcher.java:255)  	at org.codehaus.plexus.classworlds.launcher.Launcher.launch(Launcher.java:201)  	at org.codehaus.plexus.classworlds.launcher.Launcher.mainWithExitCode(Launcher.java:361)  	at org.codehaus.plexus.classworlds.launcher.Launcher.main(Launcher.java:314)  Caused by: javax.annotation.processing.FilerException: Attempt to recreate a file for type tn.esprit.pi.tbibi.services.MedRec_MapperImpl  	at jdk.compiler/com.sun.tools.javac.processing.JavacFiler.checkNameAndExistence(JavacFiler.java:732)  	at jdk.compiler/com.sun.tools.javac.processing.JavacFiler.createSourceOrClassFile(JavacFiler.java:498)  	at jdk.compiler/com.sun.tools.javac.processing.JavacFiler.createSourceFile(JavacFiler.java:435)  	at org.mapstruct.ap.internal.processor.MapperRenderingProcessor.createSourceFile(MapperRenderingProcessor.java:56)  	... 48 more  
[INFO] 1 error
[INFO] -------------------------------------------------------------
[INFO] ------------------------------------------------------------------------
[INFO] BUILD FAILURE
[INFO] ------------------------------------------------------------------------
[INFO] Total time:  5.537 s
[INFO] Finished at: 2026-03-28T17:31:00+01:00
[INFO] ------------------------------------------------------------------------
[ERROR] Failed to execute goal org.apache.maven.plugins:maven-compiler-plugin:3.11.0:compile (default-compile) on project tbibi: Compilation failure
[ERROR] /C:/Users/21656/OneDrive/Bureau/New folder (2)/Tbibi/backend/src/main/java/tn/esprit/pi/tbibi/services/MedRec_Mapper.java:[10,8] Internal error in the mapping processor: java.lang.RuntimeException: javax.annotation.processing.FilerException: Attempt to recreate a file for type tn.esprit.pi.tbibi.services.MedRec_MapperImpl  	at org.mapstruct.ap.internal.processor.MapperRenderingProcessor.createSourceFile(MapperRenderingProcessor.java:59)  	at org.mapstruct.ap.internal.processor.MapperRenderingProcessor.writeToSourceFile(MapperRenderingProcessor.java:39)  	at org.mapstruct.ap.internal.processor.MapperRenderingProcessor.process(MapperRenderingProcessor.java:29)  	at org.mapstruct.ap.internal.processor.MapperRenderingProcessor.process(MapperRenderingProcessor.java:24)  	at org.mapstruct.ap.MappingProcessor.process(MappingProcessor.java:350)  	at org.mapstruct.ap.MappingProcessor.processMapperTypeElement(MappingProcessor.java:330)  	at org.mapstruct.ap.MappingProcessor.processMapperElements(MappingProcessor.java:279)  	at org.mapstruct.ap.MappingProcessor.process(MappingProcessor.java:174)  	at jdk.compiler/com.sun.tools.javac.processing.JavacProcessingEnvironment.callProcessor(JavacProcessingEnvironment.java:1023)  	at jdk.compiler/com.sun.tools.javac.processing.JavacProcessingEnvironment.discoverAndRunProcs(JavacProcessingEnvironment.java:939)  	at jdk.compiler/com.sun.tools.javac.processing.JavacProcessingEnvironment$Round.run(JavacProcessingEnvironment.java:1267)  	at jdk.compiler/com.sun.tools.javac.processing.JavacProcessingEnvironment.doProcessing(JavacProcessingEnvironment.java:1382)  	at jdk.compiler/com.sun.tools.javac.main.JavaCompiler.processAnnotations(JavaCompiler.java:1234)  	at jdk.compiler/com.sun.tools.javac.main.JavaCompiler.compile(JavaCompiler.java:916)  	at jdk.compiler/com.sun.tools.javac.api.JavacTaskImpl.lambda$doCall$0(JavacTaskImpl.java:104)  	at jdk.compiler/com.sun.tools.javac.api.JavacTaskImpl.invocationHelper(JavacTaskImpl.java:152)  	at jdk.compiler/com.sun.tools.javac.api.JavacTaskImpl.doCall(JavacTaskImpl.java:100)  	at jdk.compiler/com.sun.tools.javac.api.JavacTaskImpl.call(JavacTaskImpl.java:94)  	at org.codehaus.plexus.compiler.javac.JavaxToolsCompiler.compileInProcess(JavaxToolsCompiler.java:136)  	at org.codehaus.plexus.compiler.javac.JavacCompiler.performCompile(JavacCompiler.java:183)  	at org.apache.maven.plugin.compiler.AbstractCompilerMojo.execute(AbstractCompilerMojo.java:1140)  	at org.apache.maven.plugin.compiler.CompilerMojo.execute(CompilerMojo.java:193)  	at org.apache.maven.plugin.DefaultBuildPluginManager.executeMojo(DefaultBuildPluginManager.java:126)  	at org.apache.maven.lifecycle.internal.MojoExecutor.doExecute2(MojoExecutor.java:328)  	at org.apache.maven.lifecycle.internal.MojoExecutor.doExecute(MojoExecutor.java:316)  	at org.apache.maven.lifecycle.internal.MojoExecutor.execute(MojoExecutor.java:212)  	at org.apache.maven.lifecycle.internal.MojoExecutor.execute(MojoExecutor.java:174)  	at org.apache.maven.lifecycle.internal.MojoExecutor.access$000(MojoExecutor.java:75)  	at org.apache.maven.lifecycle.internal.MojoExecutor$1.run(MojoExecutor.java:162)  	at org.apache.maven.plugin.DefaultMojosExecutionStrategy.execute(DefaultMojosExecutionStrategy.java:39)  	at org.apache.maven.lifecycle.internal.MojoExecutor.execute(MojoExecutor.java:159)  	at org.apache.maven.lifecycle.internal.LifecycleModuleBuilder.buildProject(LifecycleModuleBuilder.java:105)  	at org.apache.maven.lifecycle.internal.LifecycleModuleBuilder.buildProject(LifecycleModuleBuilder.java:73)  	at org.apache.maven.lifecycle.internal.builder.singlethreaded.SingleThreadedBuilder.build(SingleThreadedBuilder.java:53)  	at org.apache.maven.lifecycle.internal.LifecycleStarter.execute(LifecycleStarter.java:118)  	at org.apache.maven.DefaultMaven.doExecute(DefaultMaven.java:261)  	at org.apache.maven.DefaultMaven.doExecute(DefaultMaven.java:173)  	at org.apache.maven.DefaultMaven.execute(DefaultMaven.java:101)  	at org.apache.maven.cli.MavenCli.execute(MavenCli.java:903)  	at org.apache.maven.cli.MavenCli.doMain(MavenCli.java:280)  	at org.apache.maven.cli.MavenCli.main(MavenCli.java:203)  	at java.base/jdk.internal.reflect.NativeMethodAccessorImpl.invoke0(Native Method)  	at java.base/jdk.internal.reflect.NativeMethodAccessorImpl.invoke(NativeMethodAccessorImpl.java:77)  	at java.base/jdk.internal.reflect.DelegatingMethodAccessorImpl.invoke(DelegatingMethodAccessorImpl.java:43)  	at java.base/java.lang.reflect.Method.invoke(Method.java:568)  	at org.codehaus.plexus.classworlds.launcher.Launcher.launchEnhanced(Launcher.java:255)  	at org.codehaus.plexus.classworlds.launcher.Launcher.launch(Launcher.java:201)  	at org.codehaus.plexus.classworlds.launcher.Launcher.mainWithExitCode(Launcher.java:361)  	at org.codehaus.plexus.classworlds.launcher.Launcher.main(Launcher.java:314)  Caused by: javax.annotation.processing.FilerException: Attempt to recreate a file for type tn.esprit.pi.tbibi.services.MedRec_MapperImpl  	at jdk.compiler/com.sun.tools.javac.processing.JavacFiler.checkNameAndExistence(JavacFiler.java:732)  	at jdk.compiler/com.sun.tools.javac.processing.JavacFiler.createSourceOrClassFile(JavacFiler.java:498)  	at jdk.compiler/com.sun.tools.javac.processing.JavacFiler.createSourceFile(JavacFiler.java:435)  	at org.mapstruct.ap.internal.processor.MapperRenderingProcessor.createSourceFile(MapperRenderingProcessor.java:56)  	... 48 more  
[ERROR] 
[ERROR] -> [Help 1]
[ERROR] 
[ERROR] To see the full stack trace of the errors, re-run Maven with the -e switch.
[ERROR] Re-run Maven using the -X switch to enable full debug logging.
[ERROR] 
[ERROR] For more information about the errors and possible solutions, please read the following articles:
[ERROR] [Help 1] http://cwiki.apache.org/confluence/display/MAVEN/MojoFailureException
