[INFO] Scanning for projects...
[INFO] 
[INFO] -------------------------< tn.esprit.pi:tbibi >-------------------------
[INFO] Building Tbibi 0.0.1-SNAPSHOT
[INFO]   from pom.xml
[INFO] --------------------------------[ jar ]---------------------------------
[INFO] 
[INFO] --- resources:3.3.1:resources (default-resources) @ tbibi ---
[INFO] Copying 1 resource from src\main\resources to target\classes
[INFO] Copying 0 resource from src\main\resources to target\classes
[INFO] 
[INFO] --- compiler:3.11.0:compile (default-compile) @ tbibi ---
[INFO] Changes detected - recompiling the module! :source
[INFO] Compiling 77 source files with javac [debug release 17] to target\classes
[INFO] Some messages have been simplified; recompile with -Xdiags:verbose to get full output
[INFO] -------------------------------------------------------------
[WARNING] COMPILATION WARNING : 
[INFO] -------------------------------------------------------------
[WARNING] /C:/Users/21656/OneDrive/Bureau/PI/Tbibi/backend/src/main/java/tn/esprit/pi/tbibi/entities/Appointment.java:[36,32] @Builder will ignore the initializing expression entirely. If you want the initializing expression to serve as default, add @Builder.Default. If it is not supposed to be settable during building, make the field final.
[WARNING] /C:/Users/21656/OneDrive/Bureau/PI/Tbibi/backend/src/main/java/tn/esprit/pi/tbibi/entities/Prescription.java:[14,35] This field does not exist, or would have been excluded anyway.
[WARNING] /C:/Users/21656/OneDrive/Bureau/PI/Tbibi/backend/src/main/java/tn/esprit/pi/tbibi/entities/User.java:[12,39] This field does not exist, or would have been excluded anyway.
[WARNING] /C:/Users/21656/OneDrive/Bureau/PI/Tbibi/backend/src/main/java/tn/esprit/pi/tbibi/entities/User.java:[12,49] This field does not exist, or would have been excluded anyway.
[WARNING] /C:/Users/21656/OneDrive/Bureau/PI/Tbibi/backend/src/main/java/tn/esprit/pi/tbibi/services/MedRec_Mapper.java:[10,21] Unmapped target properties: "medicalfile_id, laboratoryResults".
[WARNING] /C:/Users/21656/OneDrive/Bureau/PI/Tbibi/backend/src/main/java/tn/esprit/pi/tbibi/Mapper/IAppointementMapper.java:[16,17] Unmapped target properties: "appointmentId, schedule, user, notification, teleconsultation".
[WARNING] /C:/Users/21656/OneDrive/Bureau/PI/Tbibi/backend/src/main/java/tn/esprit/pi/tbibi/Mapper/IAppointementMapper.java:[27,10] Unmapped target properties: "appointmentId, schedule, user, notification, teleconsultation".
[WARNING] /C:/Users/21656/OneDrive/Bureau/PI/Tbibi/backend/src/main/java/tn/esprit/pi/tbibi/Mapper/IAppointementMapper.java:[30,14] Unmapped target properties: "scheduleId, doctor, appointments".
[WARNING] /C:/Users/21656/OneDrive/Bureau/PI/Tbibi/backend/src/main/java/tn/esprit/pi/tbibi/Mapper/IAppointementMapper.java:[39,22] Unmapped target properties: "id, roomUrl, startDateTime, endDateTime, consultationRoom, appointment".
[WARNING] /C:/Users/21656/OneDrive/Bureau/PI/Tbibi/backend/src/main/java/tn/esprit/pi/tbibi/Mapper/IAppointementMapper.java:[41,30] Unmapped target properties: "appointmentId, roomId, roomCode".
[WARNING] /C:/Users/21656/OneDrive/Bureau/PI/Tbibi/backend/src/main/java/tn/esprit/pi/tbibi/Mapper/IAppointementMapper.java:[46,22] Unmapped target properties: "roomId, roomCode, createdAt, teleconsultation".
[INFO] 11 warnings 
[INFO] -------------------------------------------------------------
[INFO] -------------------------------------------------------------
[ERROR] COMPILATION ERROR : 
[INFO] -------------------------------------------------------------
[ERROR] /C:/Users/21656/OneDrive/Bureau/PI/Tbibi/backend/src/main/java/tn/esprit/pi/tbibi/services/ScheduleService.java:[82,34] incompatible types: java.lang.Long cannot be converted to java.lang.Integer
[INFO] 1 error
[INFO] -------------------------------------------------------------
[INFO] ------------------------------------------------------------------------
[INFO] BUILD FAILURE
[INFO] ------------------------------------------------------------------------
[INFO] Total time:  10.108 s
[INFO] Finished at: 2026-03-02T23:02:35+01:00
[INFO] ------------------------------------------------------------------------
[ERROR] Failed to execute goal org.apache.maven.plugins:maven-compiler-plugin:3.11.0:compile (default-compile) on project tbibi: Compilation failure
[ERROR] /C:/Users/21656/OneDrive/Bureau/PI/Tbibi/backend/src/main/java/tn/esprit/pi/tbibi/services/ScheduleService.java:[82,34] incompatible types: java.lang.Long cannot be converted to java.lang.Integer
[ERROR] 
[ERROR] -> [Help 1]
[ERROR] 
[ERROR] To see the full stack trace of the errors, re-run Maven with the -e switch.
[ERROR] Re-run Maven using the -X switch to enable full debug logging.
[ERROR] 
[ERROR] For more information about the errors and possible solutions, please read the following articles:
[ERROR] [Help 1] http://cwiki.apache.org/confluence/display/MAVEN/MojoFailureException
