[INFO] Scanning for projects...
[INFO] 
[INFO] -------------------------< tn.esprit.pi:tbibi >-------------------------
[INFO] Building Tbibi 0.0.1-SNAPSHOT
[INFO]   from pom.xml
[INFO] --------------------------------[ jar ]---------------------------------
[INFO] 
[INFO] --- resources:3.3.1:resources (default-resources) @ tbibi ---
[INFO] Copying 1 resource from src\main\resources to target\classes
[INFO] Copying 2 resources from src\main\resources to target\classes
[INFO] 
[INFO] --- compiler:3.11.0:compile (default-compile) @ tbibi ---
[INFO] Nothing to compile - all classes are up to date
[INFO] 
[INFO] --- resources:3.3.1:testResources (default-testResources) @ tbibi ---
[INFO] skip non existing resourceDirectory C:\Users\21656\OneDrive\Bureau\PI\Tbibi\backend\src\test\resources
[INFO] 
[INFO] --- compiler:3.11.0:testCompile (default-testCompile) @ tbibi ---
[INFO] Nothing to compile - all classes are up to date
[INFO] 
[INFO] --- surefire:3.1.2:test (default-test) @ tbibi ---
[INFO] Using auto detected provider org.apache.maven.surefire.junitplatform.JUnitPlatformProvider
[INFO] 
[INFO] -------------------------------------------------------
[INFO]  T E S T S
[INFO] -------------------------------------------------------
[INFO] Running tn.esprit.pi.tbibi.services.AppointementServiceTest
mvn : Java HotSpot(TM) 64-Bit 
Server VM warning: Sharing is 
only supported for boot loader 
classes because bootstrap 
classpath has been appended
At line:1 char:1
+ mvn test 
-Dtest=AppointementServiceTest > 
test-output.txt 2>&1
+ ~~~~~~~~~~~~~~~~~~~~~~~~~~~~~~~
~~~~~~~~~~~~~~~~~~~~~~~~~~~~~~~
    + CategoryInfo          : No 
   tSpecified: (Java HotSpot(TM  
  ...s been appended:String) [   
 ], RemoteException
    + FullyQualifiedErrorId : Na 
   tiveCommandError
 
DEBUG: Creating appointment. Request: AppointmentRequest(userId=1, doctor=Dr. Smith, service=null, specialty=Cardiology, reasonForVisit=Checkup, statusAppointement=PENDING, scheduleId=10)
DEBUG: Appointment saved with ID: 100
[ERROR] Tests run: 2, Failures: 0, Errors: 1, Skipped: 0, Time elapsed: 2.872 s <<< FAILURE! -- in tn.esprit.pi.tbibi.services.AppointementServiceTest
[ERROR] tn.esprit.pi.tbibi.services.AppointementServiceTest.testVerifyAndConfirm_Success -- Time elapsed: 2.548 s <<< ERROR!
java.lang.Error: 
Unresolved compilation problem: 
	The constructor VerificationService.PendingVerification(String, String, VerificationRequest, LocalDateTime) is undefined

	at tn.esprit.pi.tbibi.services.AppointementServiceTest.testVerifyAndConfirm_Success(AppointementServiceTest.java:122)
	at java.base/java.lang.reflect.Method.invoke(Method.java:568)
	at java.base/java.util.ArrayList.forEach(ArrayList.java:1511)
	at java.base/java.util.ArrayList.forEach(ArrayList.java:1511)

[INFO] 
[INFO] Results:
[INFO] 
[ERROR] Errors: 
[ERROR]   AppointementServiceTest.testVerifyAndConfirm_Success:122  Unresolved compilation problem: 
	The constructor VerificationService.PendingVerification(String, String, VerificationRequest, LocalDateTime) is undefined

[INFO] 
[ERROR] Tests run: 2, Failures: 0, Errors: 1, Skipped: 0
[INFO] 
[INFO] ------------------------------------------------------------------------
[INFO] BUILD FAILURE
[INFO] ------------------------------------------------------------------------
[INFO] Total time:  6.622 s
[INFO] Finished at: 2026-03-25T14:11:33+01:00
[INFO] ------------------------------------------------------------------------
[ERROR] Failed to execute goal org.apache.maven.plugins:maven-surefire-plugin:3.1.2:test (default-test) on project tbibi: 
[ERROR] 
[ERROR] Please refer to C:\Users\21656\OneDrive\Bureau\PI\Tbibi\backend\target\surefire-reports for the individual test results.
[ERROR] Please refer to dump files (if any exist) [date].dump, [date]-jvmRun[N].dump and [date].dumpstream.
[ERROR] -> [Help 1]
[ERROR] 
[ERROR] To see the full stack trace of the errors, re-run Maven with the -e switch.
[ERROR] Re-run Maven using the -X switch to enable full debug logging.
[ERROR] 
[ERROR] For more information about the errors and possible solutions, please read the following articles:
[ERROR] [Help 1] http://cwiki.apache.org/confluence/display/MAVEN/MojoFailureException
